---
source: tests/spec_test.rs
assertion_line: 62
expression: output

---
RUN
spec cmd-prefered -f -o A AB C D

STDOUT
argc_arg_1=( "AB" "C D" )
argc_flag_1=1
argc_opt_1="A"
cmd_prefered

STDERR


