---
source: tests/compgen.rs
assertion_line: 25
expression: output
---
RUN
prog cmd_positional_requires arg1

STDOUT
<ARG2>...

STDERR


