---
source: tests/spec_test.rs
expression: output
---
RUN
spec cmd_positional_with_choices_and_required

STDOUT


STDERR
error: the following required arguments were not provided:
  <ARG>

Usage: spec cmd_positional_with_choices_and_required <ARG>

For more information, try '--help'.


