---
source: tests/main_fn_test.rs
expression: output
---
RUN
prog

STDOUT


STDERR
USAGE: prog [OPTIONS] <COMMAND>

OPTIONS:
      --foo   
  -h, --help  Print help

COMMANDS:
  cmd  


