---
source: tests/lib.rs
assertion_line: 32
expression: output

---
RUN
git add -h

STDOUT
exit 1

STDERR
git-add 
Add file contents to the index

USAGE:
    git add [OPTIONS] [pathspec]...

ARGS:
    <pathspec>...    Files to add content from.

OPTIONS:
    -h, --help       Print help information
    -n, --dry-run    Donâ€™t actually add the file


