---
source: tests/spec_test.rs
assertion_line: 156
expression: output

---
RUN
spec cmd-without-any-arg

STDOUT
argc__call=cmd_without_any_arg

STDERR


