---
source: tests/spec_test.rs
expression: output
---
RUN
spec cmd_positional_with_choices x

STDOUT


STDERR
error: invalid value 'x' for '[ARG]'
  [possible values: a, b]

For more information, try '--help'.


