---
source: tests/spec_test.rs
assertion_line: 59
expression: output

---
RUN
spec cmd-option-formats -h

STDOUT
exit 1

STDERR
spec-cmd-option-formats 
Optiona all kindof formats

USAGE:
    spec cmd-option-formats [OPTIONS]

OPTIONS:
    -a, --opt2 <OPT-2>    
    -b, --opt5 <OPT-5>    With description
    -c, --opt6 <OPT>      
    -h, --help            Print help information
        --opt1 <OPT-1>    
        --opt3 <OPT>      
        --opt4 <OPT-4>    With description
        --opt7 <OPT>      With description


