---
source: tests/spec_test.rs
assertion_line: 33
expression: output

---
RUN
spec cmd-option-names --opt2 value2 --opt3 value3_0,value3_1 --opt4 value4_0 --opt4 value4_1 --opt6 a

STDOUT
selfc_opt_2="value2"
selfc_opt_3=( "value3_0" "value3_1" )
selfc_opt_4=( "value4_0" "value4_1" )
selfc_opt_5="a"
selfc_opt_6="a"
selfc_opt_7="a"


STDERR


