---
source: tests/mainfn_test.rs
assertion_line: 52
expression: output

---
RUN
prog

STDOUT


STDERR
error: 'prog' requires a subcommand but one was not provided

USAGE:
    prog [OPTIONS] <SUBCOMMAND>

For more information try --help


