---
source: tests/lib.rs
assertion_line: 22
expression: stderr.unwrap_or_default()

---
git-add 
Add file contents to the index

USAGE:
    git add [OPTIONS] [pathspec]...

ARGS:
    <pathspec>...    Files to add content from.

OPTIONS:
    -h, --help       Print help information
    -n, --dry-run    Donâ€™t actually add the file

